// Jest Snapshot v1, https://goo.gl/fbAQLP

exports[`<Calendar /> component being rendered Make sure render matches snapshot 1`] = `ReactWrapper {}`;
